[  306034ms] [WARNING] AdSense head tag doesn't support data-nscript attribute. @ https://pagead2.googlesyndication.com/pagead/js/adsbygoogle.js?client=ca-pub-4885097147285432:225
[  306666ms] [ERROR] TypeError: t is not iterable
    at T (https://myogimage.com/_next/static/chunks/164-873516ef76b22756.js:1:12719)
    at Y (https://myogimage.com/_next/static/chunks/164-873516ef76b22756.js:1:11871)
    at j (https://myogimage.com/_next/static/chunks/164-873516ef76b22756.js:1:13194)
    at https://myogimage.com/_next/static/chunks/164-873516ef76b22756.js:1:21392
    at Object.useMemo (https://myogimage.com/_next/static/chunks/e3631350-782ce437dfc17fe5.js:1:51493)
    at t.useMemo (https://myogimage.com/_next/static/chunks/348-b165d6c8eab956ff.js:1:127204)
    at Ac (https://myogimage.com/_next/static/chunks/164-873516ef76b22756.js:1:21387)
    at lS (https://myogimage.com/_next/static/chunks/e3631350-782ce437dfc17fe5.js:1:39320)
    at ot (https://myogimage.com/_next/static/chunks/e3631350-782ce437dfc17fe5.js:1:64575)
    at ov (https://myogimage.com/_next/static/chunks/e3631350-782ce437dfc17fe5.js:1:75648)
    at ic (https://myogimage.com/_next/static/chunks/e3631350-782ce437dfc17fe5.js:1:112350)
    at https://myogimage.com/_next/static/chunks/e3631350-782ce437dfc17fe5.js:1:112195
    at is (https://myogimage.com/_next/static/chunks/e3631350-782ce437dfc17fe5.js:1:112203)
    at u9 (https://myogimage.com/_next/static/chunks/e3631350-782ce437dfc17fe5.js:1:109414)
    at iQ (https://myogimage.com/_next/static/chunks/e3631350-782ce437dfc17fe5.js:1:130757)
    at iI (https://myogimage.com/_next/static/chunks/e3631350-782ce437dfc17fe5.js:1:128996)
    at iV (https://myogimage.com/_next/static/chunks/e3631350-782ce437dfc17fe5.js:1:129332)
    at https://myogimage.com/_next/static/chunks/e3631350-782ce437dfc17fe5.js:1:128625 @ https://myogimage.com/_next/static/chunks/348-b165d6c8eab956ff.js:0
[  306667ms] [ERROR] Twitter testimonial render error: TypeError: t is not iterable
    at T (https://myogimage.com/_next/static/chunks/164-873516ef76b22756.js:1:12719)
    at Y (https://myogimage.com/_next/static/chunks/164-873516ef76b22756.js:1:11871)
    at j (https://myogimage.com/_next/static/chunks/164-873516ef76b22756.js:1:13194)
    at https://myogimage.com/_next/static/chunks/164-873516ef76b22756.js:1:21392
    at Object.useMemo (https://myogimage.com/_next/static/chunks/e3631350-782ce437dfc17fe5.js:1:51493)
    at t.useMemo (https://myogimage.com/_next/static/chunks/348-b165d6c8eab956ff.js:1:127204)
    at Ac (https://myogimage.com/_next/static/chunks/164-873516ef76b22756.js:1:21387)
    at lS (https://myogimage.com/_next/static/chunks/e3631350-782ce437dfc17fe5.js:1:39320)
    at ot (https://myogimage.com/_next/static/chunks/e3631350-782ce437dfc17fe5.js:1:64575)
    at ov (https://myogimage.com/_next/static/chunks/e3631350-782ce437dfc17fe5.js:1:75648)
    at ic (https://myogimage.com/_next/static/chunks/e3631350-782ce437dfc17fe5.js:1:112350)
    at https://myogimage.com/_next/static/chunks/e3631350-782ce437dfc17fe5.js:1:112195
    at is (https://myogimage.com/_next/static/chunks/e3631350-782ce437dfc17fe5.js:1:112203)
    at u9 (https://myogimage.com/_next/static/chunks/e3631350-782ce437dfc17fe5.js:1:109414)
    at iQ (https://myogimage.com/_next/static/chunks/e3631350-782ce437dfc17fe5.js:1:130757)
    at iI (https://myogimage.com/_next/static/chunks/e3631350-782ce437dfc17fe5.js:1:128996)
    at iV (https://myogimage.com/_next/static/chunks/e3631350-782ce437dfc17fe5.js:1:129332)
    at https://myogimage.com/_next/static/chunks/e3631350-782ce437dfc17fe5.js:1:128625 {componentStack: 
    at Ac (https://myogimage.com/_next/static/chu…xt/static/chunks/348-b165d6c8eab956ff.js:1:54716)} @ https://myogimage.com/_next/static/chunks/348-b165d6c8eab956ff.js:0
[  306702ms] [ERROR] TypeError: t is not iterable
    at T (https://myogimage.com/_next/static/chunks/164-873516ef76b22756.js:1:12719)
    at Y (https://myogimage.com/_next/static/chunks/164-873516ef76b22756.js:1:11871)
    at j (https://myogimage.com/_next/static/chunks/164-873516ef76b22756.js:1:13194)
    at https://myogimage.com/_next/static/chunks/164-873516ef76b22756.js:1:21392
    at Object.useMemo (https://myogimage.com/_next/static/chunks/e3631350-782ce437dfc17fe5.js:1:51493)
    at t.useMemo (https://myogimage.com/_next/static/chunks/348-b165d6c8eab956ff.js:1:127204)
    at Ac (https://myogimage.com/_next/static/chunks/164-873516ef76b22756.js:1:21387)
    at lS (https://myogimage.com/_next/static/chunks/e3631350-782ce437dfc17fe5.js:1:39320)
    at ot (https://myogimage.com/_next/static/chunks/e3631350-782ce437dfc17fe5.js:1:64575)
    at ov (https://myogimage.com/_next/static/chunks/e3631350-782ce437dfc17fe5.js:1:75648)
    at ic (https://myogimage.com/_next/static/chunks/e3631350-782ce437dfc17fe5.js:1:112350)
    at https://myogimage.com/_next/static/chunks/e3631350-782ce437dfc17fe5.js:1:112195
    at is (https://myogimage.com/_next/static/chunks/e3631350-782ce437dfc17fe5.js:1:112203)
    at u9 (https://myogimage.com/_next/static/chunks/e3631350-782ce437dfc17fe5.js:1:109414)
    at iQ (https://myogimage.com/_next/static/chunks/e3631350-782ce437dfc17fe5.js:1:130757)
    at iI (https://myogimage.com/_next/static/chunks/e3631350-782ce437dfc17fe5.js:1:128996)
    at iV (https://myogimage.com/_next/static/chunks/e3631350-782ce437dfc17fe5.js:1:129332)
    at https://myogimage.com/_next/static/chunks/e3631350-782ce437dfc17fe5.js:1:128625 @ https://myogimage.com/_next/static/chunks/348-b165d6c8eab956ff.js:0
[  306703ms] [ERROR] Twitter testimonial render error: TypeError: t is not iterable
    at T (https://myogimage.com/_next/static/chunks/164-873516ef76b22756.js:1:12719)
    at Y (https://myogimage.com/_next/static/chunks/164-873516ef76b22756.js:1:11871)
    at j (https://myogimage.com/_next/static/chunks/164-873516ef76b22756.js:1:13194)
    at https://myogimage.com/_next/static/chunks/164-873516ef76b22756.js:1:21392
    at Object.useMemo (https://myogimage.com/_next/static/chunks/e3631350-782ce437dfc17fe5.js:1:51493)
    at t.useMemo (https://myogimage.com/_next/static/chunks/348-b165d6c8eab956ff.js:1:127204)
    at Ac (https://myogimage.com/_next/static/chunks/164-873516ef76b22756.js:1:21387)
    at lS (https://myogimage.com/_next/static/chunks/e3631350-782ce437dfc17fe5.js:1:39320)
    at ot (https://myogimage.com/_next/static/chunks/e3631350-782ce437dfc17fe5.js:1:64575)
    at ov (https://myogimage.com/_next/static/chunks/e3631350-782ce437dfc17fe5.js:1:75648)
    at ic (https://myogimage.com/_next/static/chunks/e3631350-782ce437dfc17fe5.js:1:112350)
    at https://myogimage.com/_next/static/chunks/e3631350-782ce437dfc17fe5.js:1:112195
    at is (https://myogimage.com/_next/static/chunks/e3631350-782ce437dfc17fe5.js:1:112203)
    at u9 (https://myogimage.com/_next/static/chunks/e3631350-782ce437dfc17fe5.js:1:109414)
    at iQ (https://myogimage.com/_next/static/chunks/e3631350-782ce437dfc17fe5.js:1:130757)
    at iI (https://myogimage.com/_next/static/chunks/e3631350-782ce437dfc17fe5.js:1:128996)
    at iV (https://myogimage.com/_next/static/chunks/e3631350-782ce437dfc17fe5.js:1:129332)
    at https://myogimage.com/_next/static/chunks/e3631350-782ce437dfc17fe5.js:1:128625 {componentStack: 
    at Ac (https://myogimage.com/_next/static/chu…xt/static/chunks/348-b165d6c8eab956ff.js:1:54716)} @ https://myogimage.com/_next/static/chunks/348-b165d6c8eab956ff.js:0
[  306711ms] [ERROR] TypeError: t is not iterable
    at T (https://myogimage.com/_next/static/chunks/164-873516ef76b22756.js:1:12719)
    at Y (https://myogimage.com/_next/static/chunks/164-873516ef76b22756.js:1:11871)
    at j (https://myogimage.com/_next/static/chunks/164-873516ef76b22756.js:1:13194)
    at https://myogimage.com/_next/static/chunks/164-873516ef76b22756.js:1:21392
    at Object.useMemo (https://myogimage.com/_next/static/chunks/e3631350-782ce437dfc17fe5.js:1:51493)
    at t.useMemo (https://myogimage.com/_next/static/chunks/348-b165d6c8eab956ff.js:1:127204)
    at Ac (https://myogimage.com/_next/static/chunks/164-873516ef76b22756.js:1:21387)
    at lS (https://myogimage.com/_next/static/chunks/e3631350-782ce437dfc17fe5.js:1:39320)
    at ot (https://myogimage.com/_next/static/chunks/e3631350-782ce437dfc17fe5.js:1:64575)
    at ov (https://myogimage.com/_next/static/chunks/e3631350-782ce437dfc17fe5.js:1:75648)
    at ic (https://myogimage.com/_next/static/chunks/e3631350-782ce437dfc17fe5.js:1:112350)
    at https://myogimage.com/_next/static/chunks/e3631350-782ce437dfc17fe5.js:1:112195
    at is (https://myogimage.com/_next/static/chunks/e3631350-782ce437dfc17fe5.js:1:112203)
    at u9 (https://myogimage.com/_next/static/chunks/e3631350-782ce437dfc17fe5.js:1:109414)
    at iQ (https://myogimage.com/_next/static/chunks/e3631350-782ce437dfc17fe5.js:1:130757)
    at iI (https://myogimage.com/_next/static/chunks/e3631350-782ce437dfc17fe5.js:1:128996)
    at iV (https://myogimage.com/_next/static/chunks/e3631350-782ce437dfc17fe5.js:1:129332)
    at https://myogimage.com/_next/static/chunks/e3631350-782ce437dfc17fe5.js:1:128625 @ https://myogimage.com/_next/static/chunks/348-b165d6c8eab956ff.js:0
[  306711ms] [ERROR] Twitter testimonial render error: TypeError: t is not iterable
    at T (https://myogimage.com/_next/static/chunks/164-873516ef76b22756.js:1:12719)
    at Y (https://myogimage.com/_next/static/chunks/164-873516ef76b22756.js:1:11871)
    at j (https://myogimage.com/_next/static/chunks/164-873516ef76b22756.js:1:13194)
    at https://myogimage.com/_next/static/chunks/164-873516ef76b22756.js:1:21392
    at Object.useMemo (https://myogimage.com/_next/static/chunks/e3631350-782ce437dfc17fe5.js:1:51493)
    at t.useMemo (https://myogimage.com/_next/static/chunks/348-b165d6c8eab956ff.js:1:127204)
    at Ac (https://myogimage.com/_next/static/chunks/164-873516ef76b22756.js:1:21387)
    at lS (https://myogimage.com/_next/static/chunks/e3631350-782ce437dfc17fe5.js:1:39320)
    at ot (https://myogimage.com/_next/static/chunks/e3631350-782ce437dfc17fe5.js:1:64575)
    at ov (https://myogimage.com/_next/static/chunks/e3631350-782ce437dfc17fe5.js:1:75648)
    at ic (https://myogimage.com/_next/static/chunks/e3631350-782ce437dfc17fe5.js:1:112350)
    at https://myogimage.com/_next/static/chunks/e3631350-782ce437dfc17fe5.js:1:112195
    at is (https://myogimage.com/_next/static/chunks/e3631350-782ce437dfc17fe5.js:1:112203)
    at u9 (https://myogimage.com/_next/static/chunks/e3631350-782ce437dfc17fe5.js:1:109414)
    at iQ (https://myogimage.com/_next/static/chunks/e3631350-782ce437dfc17fe5.js:1:130757)
    at iI (https://myogimage.com/_next/static/chunks/e3631350-782ce437dfc17fe5.js:1:128996)
    at iV (https://myogimage.com/_next/static/chunks/e3631350-782ce437dfc17fe5.js:1:129332)
    at https://myogimage.com/_next/static/chunks/e3631350-782ce437dfc17fe5.js:1:128625 {componentStack: 
    at Ac (https://myogimage.com/_next/static/chu…xt/static/chunks/348-b165d6c8eab956ff.js:1:54716)} @ https://myogimage.com/_next/static/chunks/348-b165d6c8eab956ff.js:0
[  306717ms] [ERROR] TypeError: t is not iterable
    at T (https://myogimage.com/_next/static/chunks/164-873516ef76b22756.js:1:12719)
    at Y (https://myogimage.com/_next/static/chunks/164-873516ef76b22756.js:1:11871)
    at j (https://myogimage.com/_next/static/chunks/164-873516ef76b22756.js:1:13194)
    at https://myogimage.com/_next/static/chunks/164-873516ef76b22756.js:1:21392
    at Object.useMemo (https://myogimage.com/_next/static/chunks/e3631350-782ce437dfc17fe5.js:1:51493)
    at t.useMemo (https://myogimage.com/_next/static/chunks/348-b165d6c8eab956ff.js:1:127204)
    at Ac (https://myogimage.com/_next/static/chunks/164-873516ef76b22756.js:1:21387)
    at lS (https://myogimage.com/_next/static/chunks/e3631350-782ce437dfc17fe5.js:1:39320)
    at ot (https://myogimage.com/_next/static/chunks/e3631350-782ce437dfc17fe5.js:1:64575)
    at ov (https://myogimage.com/_next/static/chunks/e3631350-782ce437dfc17fe5.js:1:75648)
    at ic (https://myogimage.com/_next/static/chunks/e3631350-782ce437dfc17fe5.js:1:112350)
    at https://myogimage.com/_next/static/chunks/e3631350-782ce437dfc17fe5.js:1:112195
    at is (https://myogimage.com/_next/static/chunks/e3631350-782ce437dfc17fe5.js:1:112203)
    at u9 (https://myogimage.com/_next/static/chunks/e3631350-782ce437dfc17fe5.js:1:109414)
    at iQ (https://myogimage.com/_next/static/chunks/e3631350-782ce437dfc17fe5.js:1:130757)
    at iI (https://myogimage.com/_next/static/chunks/e3631350-782ce437dfc17fe5.js:1:128996)
    at iV (https://myogimage.com/_next/static/chunks/e3631350-782ce437dfc17fe5.js:1:129332)
    at https://myogimage.com/_next/static/chunks/e3631350-782ce437dfc17fe5.js:1:128625 @ https://myogimage.com/_next/static/chunks/348-b165d6c8eab956ff.js:0
[  306718ms] [ERROR] Twitter testimonial render error: TypeError: t is not iterable
    at T (https://myogimage.com/_next/static/chunks/164-873516ef76b22756.js:1:12719)
    at Y (https://myogimage.com/_next/static/chunks/164-873516ef76b22756.js:1:11871)
    at j (https://myogimage.com/_next/static/chunks/164-873516ef76b22756.js:1:13194)
    at https://myogimage.com/_next/static/chunks/164-873516ef76b22756.js:1:21392
    at Object.useMemo (https://myogimage.com/_next/static/chunks/e3631350-782ce437dfc17fe5.js:1:51493)
    at t.useMemo (https://myogimage.com/_next/static/chunks/348-b165d6c8eab956ff.js:1:127204)
    at Ac (https://myogimage.com/_next/static/chunks/164-873516ef76b22756.js:1:21387)
    at lS (https://myogimage.com/_next/static/chunks/e3631350-782ce437dfc17fe5.js:1:39320)
    at ot (https://myogimage.com/_next/static/chunks/e3631350-782ce437dfc17fe5.js:1:64575)
    at ov (https://myogimage.com/_next/static/chunks/e3631350-782ce437dfc17fe5.js:1:75648)
    at ic (https://myogimage.com/_next/static/chunks/e3631350-782ce437dfc17fe5.js:1:112350)
    at https://myogimage.com/_next/static/chunks/e3631350-782ce437dfc17fe5.js:1:112195
    at is (https://myogimage.com/_next/static/chunks/e3631350-782ce437dfc17fe5.js:1:112203)
    at u9 (https://myogimage.com/_next/static/chunks/e3631350-782ce437dfc17fe5.js:1:109414)
    at iQ (https://myogimage.com/_next/static/chunks/e3631350-782ce437dfc17fe5.js:1:130757)
    at iI (https://myogimage.com/_next/static/chunks/e3631350-782ce437dfc17fe5.js:1:128996)
    at iV (https://myogimage.com/_next/static/chunks/e3631350-782ce437dfc17fe5.js:1:129332)
    at https://myogimage.com/_next/static/chunks/e3631350-782ce437dfc17fe5.js:1:128625 {componentStack: 
    at Ac (https://myogimage.com/_next/static/chu…xt/static/chunks/348-b165d6c8eab956ff.js:1:54716)} @ https://myogimage.com/_next/static/chunks/348-b165d6c8eab956ff.js:0
[  306724ms] [ERROR] TypeError: t is not iterable
    at T (https://myogimage.com/_next/static/chunks/164-873516ef76b22756.js:1:12719)
    at Y (https://myogimage.com/_next/static/chunks/164-873516ef76b22756.js:1:11871)
    at j (https://myogimage.com/_next/static/chunks/164-873516ef76b22756.js:1:13194)
    at https://myogimage.com/_next/static/chunks/164-873516ef76b22756.js:1:21392
    at Object.useMemo (https://myogimage.com/_next/static/chunks/e3631350-782ce437dfc17fe5.js:1:51493)
    at t.useMemo (https://myogimage.com/_next/static/chunks/348-b165d6c8eab956ff.js:1:127204)
    at Ac (https://myogimage.com/_next/static/chunks/164-873516ef76b22756.js:1:21387)
    at lS (https://myogimage.com/_next/static/chunks/e3631350-782ce437dfc17fe5.js:1:39320)
    at ot (https://myogimage.com/_next/static/chunks/e3631350-782ce437dfc17fe5.js:1:64575)
    at ov (https://myogimage.com/_next/static/chunks/e3631350-782ce437dfc17fe5.js:1:75648)
    at ic (https://myogimage.com/_next/static/chunks/e3631350-782ce437dfc17fe5.js:1:112350)
    at https://myogimage.com/_next/static/chunks/e3631350-782ce437dfc17fe5.js:1:112195
    at is (https://myogimage.com/_next/static/chunks/e3631350-782ce437dfc17fe5.js:1:112203)
    at u9 (https://myogimage.com/_next/static/chunks/e3631350-782ce437dfc17fe5.js:1:109414)
    at iQ (https://myogimage.com/_next/static/chunks/e3631350-782ce437dfc17fe5.js:1:130757)
    at iI (https://myogimage.com/_next/static/chunks/e3631350-782ce437dfc17fe5.js:1:128996)
    at iV (https://myogimage.com/_next/static/chunks/e3631350-782ce437dfc17fe5.js:1:129332)
    at https://myogimage.com/_next/static/chunks/e3631350-782ce437dfc17fe5.js:1:128625 @ https://myogimage.com/_next/static/chunks/348-b165d6c8eab956ff.js:0
[  306724ms] [ERROR] Twitter testimonial render error: TypeError: t is not iterable
    at T (https://myogimage.com/_next/static/chunks/164-873516ef76b22756.js:1:12719)
    at Y (https://myogimage.com/_next/static/chunks/164-873516ef76b22756.js:1:11871)
    at j (https://myogimage.com/_next/static/chunks/164-873516ef76b22756.js:1:13194)
    at https://myogimage.com/_next/static/chunks/164-873516ef76b22756.js:1:21392
    at Object.useMemo (https://myogimage.com/_next/static/chunks/e3631350-782ce437dfc17fe5.js:1:51493)
    at t.useMemo (https://myogimage.com/_next/static/chunks/348-b165d6c8eab956ff.js:1:127204)
    at Ac (https://myogimage.com/_next/static/chunks/164-873516ef76b22756.js:1:21387)
    at lS (https://myogimage.com/_next/static/chunks/e3631350-782ce437dfc17fe5.js:1:39320)
    at ot (https://myogimage.com/_next/static/chunks/e3631350-782ce437dfc17fe5.js:1:64575)
    at ov (https://myogimage.com/_next/static/chunks/e3631350-782ce437dfc17fe5.js:1:75648)
    at ic (https://myogimage.com/_next/static/chunks/e3631350-782ce437dfc17fe5.js:1:112350)
    at https://myogimage.com/_next/static/chunks/e3631350-782ce437dfc17fe5.js:1:112195
    at is (https://myogimage.com/_next/static/chunks/e3631350-782ce437dfc17fe5.js:1:112203)
    at u9 (https://myogimage.com/_next/static/chunks/e3631350-782ce437dfc17fe5.js:1:109414)
    at iQ (https://myogimage.com/_next/static/chunks/e3631350-782ce437dfc17fe5.js:1:130757)
    at iI (https://myogimage.com/_next/static/chunks/e3631350-782ce437dfc17fe5.js:1:128996)
    at iV (https://myogimage.com/_next/static/chunks/e3631350-782ce437dfc17fe5.js:1:129332)
    at https://myogimage.com/_next/static/chunks/e3631350-782ce437dfc17fe5.js:1:128625 {componentStack: 
    at Ac (https://myogimage.com/_next/static/chu…xt/static/chunks/348-b165d6c8eab956ff.js:1:54716)} @ https://myogimage.com/_next/static/chunks/348-b165d6c8eab956ff.js:0
[  306731ms] [ERROR] TypeError: t is not iterable
    at T (https://myogimage.com/_next/static/chunks/164-873516ef76b22756.js:1:12719)
    at Y (https://myogimage.com/_next/static/chunks/164-873516ef76b22756.js:1:11871)
    at j (https://myogimage.com/_next/static/chunks/164-873516ef76b22756.js:1:13194)
    at https://myogimage.com/_next/static/chunks/164-873516ef76b22756.js:1:21392
    at Object.useMemo (https://myogimage.com/_next/static/chunks/e3631350-782ce437dfc17fe5.js:1:51493)
    at t.useMemo (https://myogimage.com/_next/static/chunks/348-b165d6c8eab956ff.js:1:127204)
    at Ac (https://myogimage.com/_next/static/chunks/164-873516ef76b22756.js:1:21387)
    at lS (https://myogimage.com/_next/static/chunks/e3631350-782ce437dfc17fe5.js:1:39320)
    at ot (https://myogimage.com/_next/static/chunks/e3631350-782ce437dfc17fe5.js:1:64575)
    at ov (https://myogimage.com/_next/static/chunks/e3631350-782ce437dfc17fe5.js:1:75648)
    at ic (https://myogimage.com/_next/static/chunks/e3631350-782ce437dfc17fe5.js:1:112350)
    at https://myogimage.com/_next/static/chunks/e3631350-782ce437dfc17fe5.js:1:112195
    at is (https://myogimage.com/_next/static/chunks/e3631350-782ce437dfc17fe5.js:1:112203)
    at u9 (https://myogimage.com/_next/static/chunks/e3631350-782ce437dfc17fe5.js:1:109414)
    at iQ (https://myogimage.com/_next/static/chunks/e3631350-782ce437dfc17fe5.js:1:130757)
    at iI (https://myogimage.com/_next/static/chunks/e3631350-782ce437dfc17fe5.js:1:128996)
    at iV (https://myogimage.com/_next/static/chunks/e3631350-782ce437dfc17fe5.js:1:129332)
    at https://myogimage.com/_next/static/chunks/e3631350-782ce437dfc17fe5.js:1:128625 @ https://myogimage.com/_next/static/chunks/348-b165d6c8eab956ff.js:0
[  306731ms] [ERROR] Twitter testimonial render error: TypeError: t is not iterable
    at T (https://myogimage.com/_next/static/chunks/164-873516ef76b22756.js:1:12719)
    at Y (https://myogimage.com/_next/static/chunks/164-873516ef76b22756.js:1:11871)
    at j (https://myogimage.com/_next/static/chunks/164-873516ef76b22756.js:1:13194)
    at https://myogimage.com/_next/static/chunks/164-873516ef76b22756.js:1:21392
    at Object.useMemo (https://myogimage.com/_next/static/chunks/e3631350-782ce437dfc17fe5.js:1:51493)
    at t.useMemo (https://myogimage.com/_next/static/chunks/348-b165d6c8eab956ff.js:1:127204)
    at Ac (https://myogimage.com/_next/static/chunks/164-873516ef76b22756.js:1:21387)
    at lS (https://myogimage.com/_next/static/chunks/e3631350-782ce437dfc17fe5.js:1:39320)
    at ot (https://myogimage.com/_next/static/chunks/e3631350-782ce437dfc17fe5.js:1:64575)
    at ov (https://myogimage.com/_next/static/chunks/e3631350-782ce437dfc17fe5.js:1:75648)
    at ic (https://myogimage.com/_next/static/chunks/e3631350-782ce437dfc17fe5.js:1:112350)
    at https://myogimage.com/_next/static/chunks/e3631350-782ce437dfc17fe5.js:1:112195
    at is (https://myogimage.com/_next/static/chunks/e3631350-782ce437dfc17fe5.js:1:112203)
    at u9 (https://myogimage.com/_next/static/chunks/e3631350-782ce437dfc17fe5.js:1:109414)
    at iQ (https://myogimage.com/_next/static/chunks/e3631350-782ce437dfc17fe5.js:1:130757)
    at iI (https://myogimage.com/_next/static/chunks/e3631350-782ce437dfc17fe5.js:1:128996)
    at iV (https://myogimage.com/_next/static/chunks/e3631350-782ce437dfc17fe5.js:1:129332)
    at https://myogimage.com/_next/static/chunks/e3631350-782ce437dfc17fe5.js:1:128625 {componentStack: 
    at Ac (https://myogimage.com/_next/static/chu…xt/static/chunks/348-b165d6c8eab956ff.js:1:54716)} @ https://myogimage.com/_next/static/chunks/348-b165d6c8eab956ff.js:0
[  306746ms] [ERROR] TypeError: t is not iterable
    at T (https://myogimage.com/_next/static/chunks/164-873516ef76b22756.js:1:12719)
    at Y (https://myogimage.com/_next/static/chunks/164-873516ef76b22756.js:1:11871)
    at j (https://myogimage.com/_next/static/chunks/164-873516ef76b22756.js:1:13194)
    at https://myogimage.com/_next/static/chunks/164-873516ef76b22756.js:1:21392
    at Object.useMemo (https://myogimage.com/_next/static/chunks/e3631350-782ce437dfc17fe5.js:1:51493)
    at t.useMemo (https://myogimage.com/_next/static/chunks/348-b165d6c8eab956ff.js:1:127204)
    at Ac (https://myogimage.com/_next/static/chunks/164-873516ef76b22756.js:1:21387)
    at lS (https://myogimage.com/_next/static/chunks/e3631350-782ce437dfc17fe5.js:1:39320)
    at ot (https://myogimage.com/_next/static/chunks/e3631350-782ce437dfc17fe5.js:1:64575)
    at ov (https://myogimage.com/_next/static/chunks/e3631350-782ce437dfc17fe5.js:1:75648)
    at ic (https://myogimage.com/_next/static/chunks/e3631350-782ce437dfc17fe5.js:1:112350)
    at https://myogimage.com/_next/static/chunks/e3631350-782ce437dfc17fe5.js:1:112195
    at is (https://myogimage.com/_next/static/chunks/e3631350-782ce437dfc17fe5.js:1:112203)
    at u9 (https://myogimage.com/_next/static/chunks/e3631350-782ce437dfc17fe5.js:1:109414)
    at iQ (https://myogimage.com/_next/static/chunks/e3631350-782ce437dfc17fe5.js:1:130757)
    at iI (https://myogimage.com/_next/static/chunks/e3631350-782ce437dfc17fe5.js:1:128996)
    at iV (https://myogimage.com/_next/static/chunks/e3631350-782ce437dfc17fe5.js:1:129332)
    at https://myogimage.com/_next/static/chunks/e3631350-782ce437dfc17fe5.js:1:128625 @ https://myogimage.com/_next/static/chunks/348-b165d6c8eab956ff.js:0
[  306747ms] [ERROR] Twitter testimonial render error: TypeError: t is not iterable
    at T (https://myogimage.com/_next/static/chunks/164-873516ef76b22756.js:1:12719)
    at Y (https://myogimage.com/_next/static/chunks/164-873516ef76b22756.js:1:11871)
    at j (https://myogimage.com/_next/static/chunks/164-873516ef76b22756.js:1:13194)
    at https://myogimage.com/_next/static/chunks/164-873516ef76b22756.js:1:21392
    at Object.useMemo (https://myogimage.com/_next/static/chunks/e3631350-782ce437dfc17fe5.js:1:51493)
    at t.useMemo (https://myogimage.com/_next/static/chunks/348-b165d6c8eab956ff.js:1:127204)
    at Ac (https://myogimage.com/_next/static/chunks/164-873516ef76b22756.js:1:21387)
    at lS (https://myogimage.com/_next/static/chunks/e3631350-782ce437dfc17fe5.js:1:39320)
    at ot (https://myogimage.com/_next/static/chunks/e3631350-782ce437dfc17fe5.js:1:64575)
    at ov (https://myogimage.com/_next/static/chunks/e3631350-782ce437dfc17fe5.js:1:75648)
    at ic (https://myogimage.com/_next/static/chunks/e3631350-782ce437dfc17fe5.js:1:112350)
    at https://myogimage.com/_next/static/chunks/e3631350-782ce437dfc17fe5.js:1:112195
    at is (https://myogimage.com/_next/static/chunks/e3631350-782ce437dfc17fe5.js:1:112203)
    at u9 (https://myogimage.com/_next/static/chunks/e3631350-782ce437dfc17fe5.js:1:109414)
    at iQ (https://myogimage.com/_next/static/chunks/e3631350-782ce437dfc17fe5.js:1:130757)
    at iI (https://myogimage.com/_next/static/chunks/e3631350-782ce437dfc17fe5.js:1:128996)
    at iV (https://myogimage.com/_next/static/chunks/e3631350-782ce437dfc17fe5.js:1:129332)
    at https://myogimage.com/_next/static/chunks/e3631350-782ce437dfc17fe5.js:1:128625 {componentStack: 
    at Ac (https://myogimage.com/_next/static/chu…xt/static/chunks/348-b165d6c8eab956ff.js:1:54716)} @ https://myogimage.com/_next/static/chunks/348-b165d6c8eab956ff.js:0
[  306753ms] [ERROR] TypeError: t is not iterable
    at T (https://myogimage.com/_next/static/chunks/164-873516ef76b22756.js:1:12719)
    at Y (https://myogimage.com/_next/static/chunks/164-873516ef76b22756.js:1:11871)
    at j (https://myogimage.com/_next/static/chunks/164-873516ef76b22756.js:1:13194)
    at https://myogimage.com/_next/static/chunks/164-873516ef76b22756.js:1:21392
    at Object.useMemo (https://myogimage.com/_next/static/chunks/e3631350-782ce437dfc17fe5.js:1:51493)
    at t.useMemo (https://myogimage.com/_next/static/chunks/348-b165d6c8eab956ff.js:1:127204)
    at Ac (https://myogimage.com/_next/static/chunks/164-873516ef76b22756.js:1:21387)
    at lS (https://myogimage.com/_next/static/chunks/e3631350-782ce437dfc17fe5.js:1:39320)
    at ot (https://myogimage.com/_next/static/chunks/e3631350-782ce437dfc17fe5.js:1:64575)
    at ov (https://myogimage.com/_next/static/chunks/e3631350-782ce437dfc17fe5.js:1:75648)
    at ic (https://myogimage.com/_next/static/chunks/e3631350-782ce437dfc17fe5.js:1:112350)
    at https://myogimage.com/_next/static/chunks/e3631350-782ce437dfc17fe5.js:1:112195
    at is (https://myogimage.com/_next/static/chunks/e3631350-782ce437dfc17fe5.js:1:112203)
    at u9 (https://myogimage.com/_next/static/chunks/e3631350-782ce437dfc17fe5.js:1:109414)
    at iQ (https://myogimage.com/_next/static/chunks/e3631350-782ce437dfc17fe5.js:1:130757)
    at iI (https://myogimage.com/_next/static/chunks/e3631350-782ce437dfc17fe5.js:1:128996)
    at iV (https://myogimage.com/_next/static/chunks/e3631350-782ce437dfc17fe5.js:1:129332)
    at https://myogimage.com/_next/static/chunks/e3631350-782ce437dfc17fe5.js:1:128625 @ https://myogimage.com/_next/static/chunks/348-b165d6c8eab956ff.js:0
[  306754ms] [ERROR] Twitter testimonial render error: TypeError: t is not iterable
    at T (https://myogimage.com/_next/static/chunks/164-873516ef76b22756.js:1:12719)
    at Y (https://myogimage.com/_next/static/chunks/164-873516ef76b22756.js:1:11871)
    at j (https://myogimage.com/_next/static/chunks/164-873516ef76b22756.js:1:13194)
    at https://myogimage.com/_next/static/chunks/164-873516ef76b22756.js:1:21392
    at Object.useMemo (https://myogimage.com/_next/static/chunks/e3631350-782ce437dfc17fe5.js:1:51493)
    at t.useMemo (https://myogimage.com/_next/static/chunks/348-b165d6c8eab956ff.js:1:127204)
    at Ac (https://myogimage.com/_next/static/chunks/164-873516ef76b22756.js:1:21387)
    at lS (https://myogimage.com/_next/static/chunks/e3631350-782ce437dfc17fe5.js:1:39320)
    at ot (https://myogimage.com/_next/static/chunks/e3631350-782ce437dfc17fe5.js:1:64575)
    at ov (https://myogimage.com/_next/static/chunks/e3631350-782ce437dfc17fe5.js:1:75648)
    at ic (https://myogimage.com/_next/static/chunks/e3631350-782ce437dfc17fe5.js:1:112350)
    at https://myogimage.com/_next/static/chunks/e3631350-782ce437dfc17fe5.js:1:112195
    at is (https://myogimage.com/_next/static/chunks/e3631350-782ce437dfc17fe5.js:1:112203)
    at u9 (https://myogimage.com/_next/static/chunks/e3631350-782ce437dfc17fe5.js:1:109414)
    at iQ (https://myogimage.com/_next/static/chunks/e3631350-782ce437dfc17fe5.js:1:130757)
    at iI (https://myogimage.com/_next/static/chunks/e3631350-782ce437dfc17fe5.js:1:128996)
    at iV (https://myogimage.com/_next/static/chunks/e3631350-782ce437dfc17fe5.js:1:129332)
    at https://myogimage.com/_next/static/chunks/e3631350-782ce437dfc17fe5.js:1:128625 {componentStack: 
    at Ac (https://myogimage.com/_next/static/chu…xt/static/chunks/348-b165d6c8eab956ff.js:1:54716)} @ https://myogimage.com/_next/static/chunks/348-b165d6c8eab956ff.js:0
[  330340ms] [WARNING] RadioGroup is changing from controlled to uncontrolled. Components should not switch from controlled to uncontrolled (or vice versa). Decide between using a controlled or uncontrolled value for the lifetime of the component. @ https://myogimage.com/_next/static/chunks/393-3fd3d8a323f9401a.js:0
[  331469ms] [WARNING] RadioGroup is changing from uncontrolled to controlled. Components should not switch from controlled to uncontrolled (or vice versa). Decide between using a controlled or uncontrolled value for the lifetime of the component. @ https://myogimage.com/_next/static/chunks/393-3fd3d8a323f9401a.js:0
